// Jest Snapshot v1, https://goo.gl/fbAQLP

exports[`Item should render correctly 1`] = `
<li>
  <input
    onChange={[Function]}
    type="checkbox"
  />
   
  Task label
    -  
  <button
    id="remove-btn"
    onClick={[Function]}
  >
    Remove
  </button>
</li>
`;
